[  +  0.000] Reading and type-checking source program
[  +  0.155] Defunctorising
[  +  0.001] Full Normalising
[  +  0.023] Replacing records
[  +  0.028] Lifting lambdas
[  +  0.033] Monomorphising
[  +  0.006] Defunctionalising
[  +  0.009] Converting to core IR
[  +  0.006] Type-checking internalised program
[  +  0.004] Running pass: simplify
[  +  0.008] Running pass: Inline conservatively
[  +  0.023] Running pass: simplify
[  +  0.003] Running pass: Inline aggressively
[  +  0.003] Running pass: simplify
[  +  0.003] Running pass: CSE
[  +  0.001] Running pass: simplify
[  +  0.003] Running pass: Fuse SOACs
[  +  0.007] Running pass: CSE
[  +  0.001] Running pass: simplify
[  +  0.005] Running pass: Remove dead functions
[  +  0.002] Running action Prettyprint
[  +  0.004] Done.
