[  +  0.000] Reading and type-checking source program
[  +  0.172] Defunctorising
[  +  0.001] Full Normalising
[  +  0.024] Replacing records
[  +  0.028] Lifting lambdas
[  +  0.025] Monomorphising
[  +  0.015] Defunctionalising
[  +  0.002] Converting to core IR
[  +  0.010] Type-checking internalised program
[  +  0.002] Running pass: simplify
[  +  0.004] Running pass: Inline conservatively
[  +  0.023] Running pass: simplify
[  +  0.002] Running pass: Inline aggressively
[  +  0.001] Running pass: simplify
[  +  0.001] Running pass: CSE
[  +  0.000] Running pass: simplify
[  +  0.001] Running pass: Fuse SOACs
[  +  0.010] Running pass: CSE
[  +  0.000] Running pass: simplify
[  +  0.002] Running pass: Remove dead functions
[  +  0.001] Running pass: flatten
[  +  0.009] Running pass: simplify
[  +  0.015] Running pass: Remove dead functions
[  +  0.002] Running pass: add global params
[  +  0.002] Running pass: optimise generalized reductions
[  +  0.001] Running pass: simplify
[  +  0.004] Running pass: tile loops
[  +  0.002] Running pass: simplify
[  +  0.004] Running pass: hist accs
[  +  0.002] Running pass: unstream
[  +  0.005] Running pass: CSE
[  +  0.002] Running pass: simplify
[  +  0.010] Running pass: sink
[  +  0.001] Running pass: reduce device synchronizations
[  +  0.002] Running pass: simplify
[  +  0.005] Running pass: CSE
[  +  0.001] Running pass: merge GPU bodies
[  +  0.003] Running pass: simplify
[  +  0.004] Running pass: sink
[  +  0.002] Running pass: optimise array layout gpu
[  +  0.002] Running pass: simplify
[  +  0.004] Running pass: CSE
[  +  0.008] Running action Prettyprint
[  +  0.009] Done.
