[  +  0.000] Reading and type-checking source program
[  +  0.157] Defunctorising
[  +  0.001] Full Normalising
[  +  0.023] Replacing records
[  +  0.027] Lifting lambdas
[  +  0.033] Monomorphising
[  +  0.006] Defunctionalising
[  +  0.008] Converting to core IR
[  +  0.007] Type-checking internalised program
[  +  0.004] Running pass: simplify
[  +  0.008] Running pass: Inline conservatively
[  +  0.023] Running pass: simplify
[  +  0.003] Running pass: Inline aggressively
[  +  0.003] Running pass: simplify
[  +  0.002] Running pass: CSE
[  +  0.001] Running pass: simplify
[  +  0.003] Running pass: Fuse SOACs
[  +  0.007] Running pass: CSE
[  +  0.001] Running pass: simplify
[  +  0.005] Running pass: Remove dead functions
[  +  0.002] Running pass: flatten
[  +  0.004] Running pass: simplify
[  +  0.013] Running pass: Remove dead functions
[  +  0.003] Running pass: add global params
[  +  0.001] Running pass: optimise generalized reductions
[  +  0.001] Running pass: simplify
[  +  0.004] Running pass: tile loops
[  +  0.002] Running pass: simplify
[  +  0.003] Running pass: hist accs
[  +  0.002] Running pass: unstream
[  +  0.004] Running pass: CSE
[  +  0.001] Running pass: simplify
[  +  0.004] Running pass: sink
[  +  0.001] Running pass: reduce device synchronizations
[  +  0.001] Running pass: simplify
[  +  0.003] Running pass: CSE
[  +  0.004] Running pass: merge GPU bodies
[  +  0.002] Running pass: simplify
[  +  0.003] Running pass: sink
[  +  0.002] Running pass: optimise array layout gpu
[  +  0.002] Running pass: simplify
[  +  0.003] Running pass: CSE
[  +  0.003] Running action Prettyprint
[  +  0.006] Done.
