[  +  0.000] Reading and type-checking source program
[  +  0.156] Defunctorising
[  +  0.001] Full Normalising
[  +  0.024] Replacing records
[  +  0.028] Lifting lambdas
[  +  0.033] Monomorphising
[  +  0.006] Defunctionalising
[  +  0.009] Converting to core IR
[  +  0.006] Type-checking internalised program
[  +  0.003] Running pass: simplify
[  +  0.006] Running pass: Inline conservatively
[  +  0.176] Running pass: simplify
[  +  0.029] Running pass: Inline aggressively
[  +  0.029] Running pass: simplify
[  +  0.028] Running pass: CSE
[  +  0.009] Running pass: simplify
[  +  0.036] Running pass: Fuse SOACs
[  +  0.308] Running pass: CSE
[  +  0.008] Running pass: simplify
[  +  0.075] Running pass: Remove dead functions
[  +  0.015] Running pass: flatten
[  +  0.033] Running pass: simplify
[  +  0.058] Running pass: Remove dead functions
[  +  0.011] Running pass: add global params
[  +  0.011] Running pass: optimise generalized reductions
[  +  0.009] Running pass: simplify
[  +  0.027] Running pass: tile loops
[  +  0.011] Running pass: simplify
[  +  0.027] Running pass: hist accs
[  +  0.012] Running pass: unstream
[  +  0.036] Running pass: CSE
[  +  0.011] Running pass: simplify
[  +  0.034] Running pass: sink
[  +  0.009] Running pass: reduce device synchronizations
[  +  0.016] Running pass: simplify
[  +  0.049] Running pass: CSE
[  +  0.011] Running pass: merge GPU bodies
[  +  0.027] Running pass: simplify
[  +  0.030] Running pass: sink
[  +  0.010] Running pass: optimise array layout gpu
[  +  0.019] Running pass: simplify
[  +  0.032] Running pass: CSE
[  +  0.041] Running action Prettyprint
[  +  0.034] Done.
